#-----------------------------------------------------------
# Vivado v2024.1 (64-bit)
# SW Build 5076996 on Wed May 22 18:37:14 MDT 2024
# IP Build 5075265 on Wed May 22 21:45:21 MDT 2024
# SharedData Build 5076995 on Wed May 22 18:29:18 MDT 2024
# Start of session at: Wed Sep 18 16:52:46 2024
# Process ID: 14584
# Current directory: F:/Desktop/dlab_course/DCL_LAB/lab3_for_students
# Command line: vivado.exe -gui_launcher_event rodinguilauncherevent25024 F:\Desktop\dlab_course\DCL_LAB\lab3_for_students\lab3.xpr
# Log file: F:/Desktop/dlab_course/DCL_LAB/lab3_for_students/vivado.log
# Journal file: F:/Desktop/dlab_course/DCL_LAB/lab3_for_students\vivado.jou
# Running On        :DESKTOP-QI5ML8H
# Platform          :Windows Server 2016 or Windows 10
# Operating System  :19043
# Processor Detail  :12th Gen Intel(R) Core(TM) i5-12400
# CPU Frequency     :2496 MHz
# CPU Physical cores:6
# CPU Logical cores :12
# Host memory       :34118 MB
# Swap memory       :5100 MB
# Total Virtual     :39218 MB
# Available Virtual :10216 MB
#-----------------------------------------------------------
start_gui
open_project F:/Desktop/dlab_course/DCL_LAB/lab3_for_students/lab3.xpr
update_compile_order -fileset sources_1
launch_simulation
source alu_test.tcl
close_sim
launch_simulation
source alu_test.tcl
run all
close_sim
launch_simulation
source alu_test.tcl
close_sim
