#-----------------------------------------------------------
# Vivado v2024.1 (64-bit)
# SW Build 5076996 on Wed May 22 18:37:14 MDT 2024
# IP Build 5075265 on Wed May 22 21:45:21 MDT 2024
# SharedData Build 5076995 on Wed May 22 18:29:18 MDT 2024
# Start of session at: Wed Oct 23 06:06:42 2024
# Process ID: 33428
# Current directory: D:/Coding/vivado-projects/NYCU/DLab/lab07/lab_7_for_students/lab_7.runs/impl_1
# Command line: vivado.exe -log lab6.vdi -applog -product Vivado -messageDb vivado.pb -mode batch -source lab6.tcl -notrace
# Log file: D:/Coding/vivado-projects/NYCU/DLab/lab07/lab_7_for_students/lab_7.runs/impl_1/lab6.vdi
# Journal file: D:/Coding/vivado-projects/NYCU/DLab/lab07/lab_7_for_students/lab_7.runs/impl_1\vivado.jou
# Running On        :DESKTOP-268GC47
# Platform          :Windows Server 2016 or Windows 10
# Operating System  :22631
# Processor Detail  :Intel(R) Core(TM) i7-14700
# CPU Frequency     :2112 MHz
# CPU Physical cores:20
# CPU Logical cores :28
# Host memory       :68472 MB
# Swap memory       :4294 MB
# Total Virtual     :72767 MB
# Available Virtual :34529 MB
#-----------------------------------------------------------
source lab6.tcl -notrace
