Copyright 1986-2022 Xilinx, Inc. All Rights Reserved. Copyright 2022-2024 Advanced Micro Devices, Inc. All Rights Reserved.
---------------------------------------------------------------------------------------------------------------------------------------------
| Tool Version : Vivado v.2024.1 (win64) Build 5076996 Wed May 22 18:37:14 MDT 2024
| Date         : Fri Oct 11 12:24:54 2024
| Host         : DESKTOP-QI5ML8H running 64-bit major release  (build 9200)
| Command      : report_control_sets -verbose -file lab6_control_sets_placed.rpt
| Design       : lab6
| Device       : xc7a35ti
---------------------------------------------------------------------------------------------------------------------------------------------

Control Set Information

Table of Contents
-----------------
1. Summary
2. Histogram
3. Flip-Flop Distribution
4. Detailed Control Set Information

1. Summary
----------

+----------------------------------------------------------+-------+
|                          Status                          | Count |
+----------------------------------------------------------+-------+
| Total control sets                                       |    16 |
|    Minimum number of control sets                        |    16 |
|    Addition due to synthesis replication                 |     0 |
|    Addition due to physical synthesis replication        |     0 |
| Unused register locations in slices containing registers |    64 |
+----------------------------------------------------------+-------+
* Control sets can be merged at opt_design using control_set_merge or merge_equivalent_drivers
** Run report_qor_suggestions for automated merging and remapping suggestions


2. Histogram
------------

+--------------------+-------+
|       Fanout       | Count |
+--------------------+-------+
| Total control sets |    16 |
| >= 0 to < 4        |     2 |
| >= 4 to < 6        |     2 |
| >= 6 to < 8        |     2 |
| >= 8 to < 10       |     3 |
| >= 10 to < 12      |     2 |
| >= 12 to < 14      |     2 |
| >= 14 to < 16      |     1 |
| >= 16              |     2 |
+--------------------+-------+
* Control sets can be remapped at either synth_design or opt_design


3. Flip-Flop Distribution
-------------------------

+--------------+-----------------------+------------------------+-----------------+--------------+
| Clock Enable | Synchronous Set/Reset | Asynchronous Set/Reset | Total Registers | Total Slices |
+--------------+-----------------------+------------------------+-----------------+--------------+
| No           | No                    | No                     |              15 |            8 |
| No           | No                    | Yes                    |               0 |            0 |
| No           | Yes                   | No                     |              61 |           23 |
| Yes          | No                    | No                     |              37 |           16 |
| Yes          | No                    | Yes                    |               0 |            0 |
| Yes          | Yes                   | No                     |              31 |           10 |
+--------------+-----------------------+------------------------+-----------------+--------------+


4. Detailed Control Set Information
-----------------------------------

+----------------+-----------------------------------+---------------------------------+------------------+----------------+--------------+
|  Clock Signal  |           Enable Signal           |         Set/Reset Signal        | Slice Load Count | Bel Load Count | Bels / Slice |
+----------------+-----------------------------------+---------------------------------+------------------+----------------+--------------+
|  clk_IBUF_BUFG | reset_n_IBUF                      |                                 |                1 |              1 |         1.00 |
|  clk_IBUF_BUFG | uart/tx_out_i_1_n_0               |                                 |                1 |              1 |         1.00 |
|  clk_IBUF_BUFG |                                   | rst0                            |                2 |              4 |         2.00 |
|  clk_IBUF_BUFG | uart/rx_bits_remaining[3]_i_1_n_0 |                                 |                1 |              4 |         4.00 |
|  clk_IBUF_BUFG |                                   | uart/rx_countdown[5]_i_1_n_0    |                3 |              6 |         2.00 |
|  clk_IBUF_BUFG |                                   | uart/tx_clk_divider[10]_i_1_n_0 |                3 |              6 |         2.00 |
|  clk_IBUF_BUFG |                                   | uart/recv_state_reg[0]_0        |                3 |              8 |         2.67 |
|  clk_IBUF_BUFG | uart/rx_data[7]_i_1_n_0           |                                 |                3 |              8 |         2.67 |
|  clk_IBUF_BUFG |                                   | uart/tx_clk_divider[6]_i_1_n_0  |                3 |              9 |         3.00 |
|  clk_IBUF_BUFG |                                   | uart/rx_clk_divider[8]_i_1_n_0  |                4 |             10 |         2.50 |
|  clk_IBUF_BUFG | uart/tx_bits_remaining            |                                 |                4 |             11 |         2.75 |
|  clk_IBUF_BUFG | data[57][6]_i_1_n_0               |                                 |                6 |             12 |         2.00 |
|  clk_IBUF_BUFG | data[57][6]_i_1_n_0               | rst0                            |                4 |             12 |         3.00 |
|  clk_IBUF_BUFG |                                   |                                 |                8 |             15 |         1.88 |
|  clk_IBUF_BUFG |                                   | init_counter                    |                5 |             18 |         3.60 |
|  clk_IBUF_BUFG | uart/E[0]                         | key_cnt[2]_i_1_n_0              |                6 |             19 |         3.17 |
+----------------+-----------------------------------+---------------------------------+------------------+----------------+--------------+


