Copyright 1986-2022 Xilinx, Inc. All Rights Reserved. Copyright 2022-2024 Advanced Micro Devices, Inc. All Rights Reserved.
---------------------------------------------------------------------------------------------------------------------------------------------
| Tool Version : Vivado v.2024.1 (win64) Build 5076996 Wed May 22 18:37:14 MDT 2024
| Date         : Mon Nov 11 22:03:57 2024
| Host         : DESKTOP-268GC47 running 64-bit major release  (build 9200)
| Command      : report_control_sets -verbose -file lab8_control_sets_placed.rpt
| Design       : lab8
| Device       : xc7a35ti
---------------------------------------------------------------------------------------------------------------------------------------------

Control Set Information

Table of Contents
-----------------
1. Summary
2. Histogram
3. Flip-Flop Distribution
4. Detailed Control Set Information

1. Summary
----------

+----------------------------------------------------------+-------+
|                          Status                          | Count |
+----------------------------------------------------------+-------+
| Total control sets                                       |   551 |
|    Minimum number of control sets                        |   551 |
|    Addition due to synthesis replication                 |     0 |
|    Addition due to physical synthesis replication        |     0 |
| Unused register locations in slices containing registers |   106 |
+----------------------------------------------------------+-------+
* Control sets can be merged at opt_design using control_set_merge or merge_equivalent_drivers
** Run report_qor_suggestions for automated merging and remapping suggestions


2. Histogram
------------

+--------------------+-------+
|       Fanout       | Count |
+--------------------+-------+
| Total control sets |   551 |
| >= 0 to < 4        |     2 |
| >= 4 to < 6        |     8 |
| >= 6 to < 8        |     3 |
| >= 8 to < 10       |   523 |
| >= 10 to < 12      |     3 |
| >= 12 to < 14      |     1 |
| >= 14 to < 16      |     0 |
| >= 16              |    11 |
+--------------------+-------+
* Control sets can be remapped at either synth_design or opt_design


3. Flip-Flop Distribution
-------------------------

+--------------+-----------------------+------------------------+-----------------+--------------+
| Clock Enable | Synchronous Set/Reset | Asynchronous Set/Reset | Total Registers | Total Slices |
+--------------+-----------------------+------------------------+-----------------+--------------+
| No           | No                    | No                     |               5 |            5 |
| No           | No                    | Yes                    |              36 |           15 |
| No           | Yes                   | No                     |              47 |           20 |
| Yes          | No                    | No                     |              80 |           34 |
| Yes          | No                    | Yes                    |              66 |           17 |
| Yes          | Yes                   | No                     |            4484 |         1575 |
+--------------+-----------------------+------------------------+-----------------+--------------+


4. Detailed Control Set Information
-----------------------------------

+----------------+-------------------------------------+---------------------------------+------------------+----------------+--------------+
|  Clock Signal  |            Enable Signal            |         Set/Reset Signal        | Slice Load Count | Bel Load Count | Bels / Slice |
+----------------+-------------------------------------+---------------------------------+------------------+----------------+--------------+
|  clk_sel_BUFG  | sd_card0/cs_reg_i_1_n_0             | sd_card0/reset_n                |                1 |              1 |         1.00 |
|  clk_IBUF_BUFG |                                     |                                 |                1 |              1 |         1.00 |
|  clk_sel_BUFG  |                                     |                                 |                4 |              4 |         1.00 |
|  clk_IBUF_BUFG | start_match_index                   | ram0/SR[0]                      |                1 |              4 |         4.00 |
|  clk_IBUF_BUFG | lcd0/tcode[3]_i_1_n_0               |                                 |                2 |              4 |         2.00 |
|  clk_IBUF_BUFG | ram0/flg_reg[0]_0                   | ram0/RAM_reg_12[0]              |                1 |              4 |         4.00 |
|  clk_sel_BUFG  | sd_card0/return_state[3]_i_1_n_0    | sd_card0/reset_n                |                2 |              4 |         2.00 |
|  clk_IBUF_BUFG | lcd0/icode                          |                                 |                1 |              4 |         4.00 |
|  clk_IBUF_BUFG | row_A                               | row_B[110]_i_1_n_0              |                2 |              5 |         2.50 |
|  clk_sel_BUFG  | sd_card0/c_state[4]_i_1_n_0         | sd_card0/reset_n                |                3 |              5 |         1.67 |
|  clk_IBUF_BUFG | row_A                               | row_B[73]_i_1_n_0               |                2 |              6 |         3.00 |
|  clk_IBUF_BUFG | lcd0/lcd_initialized_reg_n_0        | sd_card0/reset_n                |                3 |              7 |         2.33 |
|  clk_sel_BUFG  | sd_card0/recv_data                  | sd_card0/reset_n                |                2 |              7 |         3.50 |
|  clk_sel_BUFG  | sd_card0/bit_counter                | sd_card0/reset_n                |                3 |              8 |         2.67 |
|  clk_sel_BUFG  | sd_card0/dout[7]_i_1_n_0            |                                 |                2 |              8 |         4.00 |
|  clk_IBUF_BUFG |                                     | clk_divider0/counter[7]_i_1_n_0 |                3 |              8 |         2.67 |
|  clk_IBUF_BUFG | ram0/char_index_reg[1]_rep__0_6[0]  | sd_card0/reset_n                |                6 |              8 |         1.33 |
|  clk_IBUF_BUFG | ram0/char_index_reg[2]_rep_28[0]    | sd_card0/reset_n                |                1 |              8 |         8.00 |
|  clk_IBUF_BUFG | ram0/char_index_reg[1]_rep__0_0[0]  | sd_card0/reset_n                |                2 |              8 |         4.00 |
|  clk_IBUF_BUFG | ram0/char_index_reg[1]_rep__0_4[0]  | sd_card0/reset_n                |                3 |              8 |         2.67 |
|  clk_IBUF_BUFG | ram0/char_index_reg[1]_rep__0_9[0]  | sd_card0/reset_n                |                3 |              8 |         2.67 |
|  clk_IBUF_BUFG | ram0/char_index_reg[1]_rep__0_11[0] | sd_card0/reset_n                |                5 |              8 |         1.60 |
|  clk_IBUF_BUFG | ram0/char_index_reg[2]_rep_11[0]    | sd_card0/reset_n                |                3 |              8 |         2.67 |
|  clk_IBUF_BUFG | ram0/char_index_reg[2]_rep_30[0]    | sd_card0/reset_n                |                4 |              8 |         2.00 |
|  clk_IBUF_BUFG | ram0/char_index_reg[2]_rep_19[0]    | sd_card0/reset_n                |                3 |              8 |         2.67 |
|  clk_IBUF_BUFG | ram0/char_index_reg[2]_rep_17[0]    | sd_card0/reset_n                |                3 |              8 |         2.67 |
|  clk_IBUF_BUFG | ram0/char_index_reg[2]_rep_23[0]    | sd_card0/reset_n                |                5 |              8 |         1.60 |
|  clk_IBUF_BUFG | ram0/char_index_reg[2]_rep_2[0]     | sd_card0/reset_n                |                3 |              8 |         2.67 |
|  clk_IBUF_BUFG | ram0/char_index_reg[1]_rep__0_8[0]  | sd_card0/reset_n                |                4 |              8 |         2.00 |
|  clk_IBUF_BUFG | ram0/char_index_reg[1]_rep__0_14[0] | sd_card0/reset_n                |                1 |              8 |         8.00 |
|  clk_IBUF_BUFG | ram0/char_index_reg[2]_0[0]         | sd_card0/reset_n                |                2 |              8 |         4.00 |
|  clk_IBUF_BUFG | ram0/char_index_reg[1]_rep__0_13[0] | sd_card0/reset_n                |                3 |              8 |         2.67 |
|  clk_IBUF_BUFG | ram0/char_index_reg[2]_rep_22[0]    | sd_card0/reset_n                |                2 |              8 |         4.00 |
|  clk_IBUF_BUFG | ram0/char_index_reg[2]_rep_25[0]    | sd_card0/reset_n                |                2 |              8 |         4.00 |
|  clk_IBUF_BUFG | ram0/char_index_reg[1]_rep__0_3[0]  | sd_card0/reset_n                |                3 |              8 |         2.67 |
|  clk_IBUF_BUFG | ram0/char_index_reg[2]_rep_16[0]    | sd_card0/reset_n                |                1 |              8 |         8.00 |
|  clk_IBUF_BUFG | ram0/char_index_reg[2]_rep_1[0]     | sd_card0/reset_n                |                1 |              8 |         8.00 |
|  clk_IBUF_BUFG | ram0/char_index_reg[2]_rep_29[0]    | sd_card0/reset_n                |                4 |              8 |         2.00 |
|  clk_IBUF_BUFG | ram0/char_index_reg[2]_rep_3[0]     | sd_card0/reset_n                |                3 |              8 |         2.67 |
|  clk_IBUF_BUFG | ram0/char_index_reg[2]_rep_34[0]    | sd_card0/reset_n                |                4 |              8 |         2.00 |
|  clk_IBUF_BUFG | ram0/char_index_reg[2]_rep_36[0]    | sd_card0/reset_n                |                2 |              8 |         4.00 |
|  clk_IBUF_BUFG | ram0/char_index_reg[2]_6[0]         | sd_card0/reset_n                |                1 |              8 |         8.00 |
|  clk_IBUF_BUFG | ram0/char_index_reg[2]_rep_37[0]    | sd_card0/reset_n                |                2 |              8 |         4.00 |
|  clk_IBUF_BUFG | ram0/char_index_reg[2]_rep_13[0]    | sd_card0/reset_n                |                2 |              8 |         4.00 |
|  clk_IBUF_BUFG | ram0/char_index_reg[2]_rep_26[0]    | sd_card0/reset_n                |                4 |              8 |         2.00 |
|  clk_IBUF_BUFG | ram0/char_index_reg[2]_rep_38[0]    | sd_card0/reset_n                |                4 |              8 |         2.00 |
|  clk_IBUF_BUFG | ram0/char_index_reg[2]_rep_15[0]    | sd_card0/reset_n                |                3 |              8 |         2.67 |
|  clk_IBUF_BUFG | ram0/char_index_reg[2]_2[0]         | sd_card0/reset_n                |                6 |              8 |         1.33 |
|  clk_IBUF_BUFG | ram0/char_index_reg[2]_rep[0]       | sd_card0/reset_n                |                2 |              8 |         4.00 |
|  clk_IBUF_BUFG | ram0/char_index_reg[1]_rep__0_16[0] | sd_card0/reset_n                |                1 |              8 |         8.00 |
|  clk_IBUF_BUFG | ram0/char_index_reg[2]_rep_10[0]    | sd_card0/reset_n                |                3 |              8 |         2.67 |
|  clk_IBUF_BUFG | ram0/char_index_reg[1]_rep__0_10[0] | sd_card0/reset_n                |                1 |              8 |         8.00 |
|  clk_IBUF_BUFG | ram0/char_index_reg[2][0]           | sd_card0/reset_n                |                4 |              8 |         2.00 |
|  clk_IBUF_BUFG | ram0/char_index_reg[2]_rep_20[0]    | sd_card0/reset_n                |                1 |              8 |         8.00 |
|  clk_IBUF_BUFG | ram0/char_index_reg[1]_rep__0_7[0]  | sd_card0/reset_n                |                5 |              8 |         1.60 |
|  clk_IBUF_BUFG | ram0/char_index_reg[2]_rep_27[0]    | sd_card0/reset_n                |                2 |              8 |         4.00 |
|  clk_IBUF_BUFG | ram0/char_index_reg[2]_rep_31[0]    | sd_card0/reset_n                |                2 |              8 |         4.00 |
|  clk_IBUF_BUFG | ram0/char_index_reg[2]_rep_24[0]    | sd_card0/reset_n                |                2 |              8 |         4.00 |
|  clk_IBUF_BUFG | ram0/char_index_reg[2]_3[0]         | sd_card0/reset_n                |                2 |              8 |         4.00 |
|  clk_IBUF_BUFG | ram0/char_index_reg[2]_rep_32[0]    | sd_card0/reset_n                |                2 |              8 |         4.00 |
|  clk_IBUF_BUFG | ram0/char_index_reg[2]_rep_21[0]    | sd_card0/reset_n                |                1 |              8 |         8.00 |
|  clk_IBUF_BUFG | ram0/char_index_reg[2]_rep_12[0]    | sd_card0/reset_n                |                2 |              8 |         4.00 |
|  clk_IBUF_BUFG | ram0/char_index_reg[2]_rep_33[0]    | sd_card0/reset_n                |                3 |              8 |         2.67 |
|  clk_IBUF_BUFG | ram0/char_index_reg[2]_rep_35[0]    | sd_card0/reset_n                |                3 |              8 |         2.67 |
|  clk_IBUF_BUFG | ram0/char_index_reg[1]_rep__0_5[0]  | sd_card0/reset_n                |                5 |              8 |         1.60 |
|  clk_IBUF_BUFG | ram0/char_index_reg[2]_rep_0[0]     | sd_card0/reset_n                |                1 |              8 |         8.00 |
|  clk_IBUF_BUFG | ram0/char_index_reg[2]_rep_39[0]    | sd_card0/reset_n                |                2 |              8 |         4.00 |
|  clk_IBUF_BUFG | ram0/char_index_reg[1]_rep__0_12[0] | sd_card0/reset_n                |                2 |              8 |         4.00 |
|  clk_IBUF_BUFG | ram0/char_index_reg[1]_rep__0_1[0]  | sd_card0/reset_n                |                3 |              8 |         2.67 |
|  clk_IBUF_BUFG | ram0/char_index_reg[1]_rep__0_15[0] | sd_card0/reset_n                |                4 |              8 |         2.00 |
|  clk_IBUF_BUFG | ram0/char_index_reg[2]_1[0]         | sd_card0/reset_n                |                3 |              8 |         2.67 |
|  clk_IBUF_BUFG | ram0/char_index_reg[2]_rep_4[0]     | sd_card0/reset_n                |                1 |              8 |         8.00 |
|  clk_IBUF_BUFG | ram0/char_index_reg[1]_rep__0_2[0]  | sd_card0/reset_n                |                3 |              8 |         2.67 |
|  clk_IBUF_BUFG | ram0/char_index_reg[2]_rep_14[0]    | sd_card0/reset_n                |                4 |              8 |         2.00 |
|  clk_IBUF_BUFG | ram0/char_index_reg[2]_4[0]         | sd_card0/reset_n                |                2 |              8 |         4.00 |
|  clk_IBUF_BUFG | ram0/char_index_reg[2]_rep_18[0]    | sd_card0/reset_n                |                2 |              8 |         4.00 |
|  clk_IBUF_BUFG | ram0/char_index_reg[2]_rep_5[0]     | sd_card0/reset_n                |                3 |              8 |         2.67 |
|  clk_IBUF_BUFG | ram0/char_index_reg[3]_rep_9[0]     | sd_card0/reset_n                |                2 |              8 |         4.00 |
|  clk_IBUF_BUFG | ram0/char_index_reg[4][0]           | sd_card0/reset_n                |                2 |              8 |         4.00 |
|  clk_IBUF_BUFG | ram0/char_index_reg[4]_0[0]         | sd_card0/reset_n                |                5 |              8 |         1.60 |
|  clk_IBUF_BUFG | ram0/char_index_reg[4]_1[0]         | sd_card0/reset_n                |                2 |              8 |         4.00 |
|  clk_IBUF_BUFG | ram0/char_index_reg[4]_10[0]        | sd_card0/reset_n                |                1 |              8 |         8.00 |
|  clk_IBUF_BUFG | ram0/char_index_reg[2]_rep_41[0]    | sd_card0/reset_n                |                1 |              8 |         8.00 |
|  clk_IBUF_BUFG | ram0/char_index_reg[3]_23[0]        | sd_card0/reset_n                |                7 |              8 |         1.14 |
|  clk_IBUF_BUFG | ram0/char_index_reg[3]_17[0]        | sd_card0/reset_n                |                4 |              8 |         2.00 |
|  clk_IBUF_BUFG | ram0/char_index_reg[2]_rep_9[0]     | sd_card0/reset_n                |                2 |              8 |         4.00 |
|  clk_IBUF_BUFG | ram0/char_index_reg[3]_24[0]        | sd_card0/reset_n                |                3 |              8 |         2.67 |
|  clk_IBUF_BUFG | ram0/char_index_reg[3]_26[0]        | sd_card0/reset_n                |                3 |              8 |         2.67 |
|  clk_IBUF_BUFG | ram0/char_index_reg[2]_rep_6[0]     | sd_card0/reset_n                |                1 |              8 |         8.00 |
|  clk_IBUF_BUFG | ram0/char_index_reg[3]_rep_1[0]     | sd_card0/reset_n                |                1 |              8 |         8.00 |
|  clk_IBUF_BUFG | ram0/char_index_reg[3]_rep_4[0]     | sd_card0/reset_n                |                3 |              8 |         2.67 |
|  clk_IBUF_BUFG | ram0/char_index_reg[3]_15[0]        | sd_card0/reset_n                |                5 |              8 |         1.60 |
|  clk_IBUF_BUFG | ram0/char_index_reg[3]_20[0]        | sd_card0/reset_n                |                4 |              8 |         2.00 |
|  clk_IBUF_BUFG | ram0/char_index_reg[3]_1[0]         | sd_card0/reset_n                |                2 |              8 |         4.00 |
|  clk_IBUF_BUFG | ram0/char_index_reg[3]_rep_13[0]    | sd_card0/reset_n                |                2 |              8 |         4.00 |
|  clk_IBUF_BUFG | ram0/char_index_reg[3][0]           | sd_card0/reset_n                |                4 |              8 |         2.00 |
|  clk_IBUF_BUFG | ram0/char_index_reg[3]_rep_6[0]     | sd_card0/reset_n                |                4 |              8 |         2.00 |
|  clk_IBUF_BUFG | ram0/char_index_reg[3]_9[0]         | sd_card0/reset_n                |                3 |              8 |         2.67 |
|  clk_IBUF_BUFG | ram0/char_index_reg[4]_11[0]        | sd_card0/reset_n                |                4 |              8 |         2.00 |
|  clk_IBUF_BUFG | ram0/char_index_reg[4]_12[0]        | sd_card0/reset_n                |                1 |              8 |         8.00 |
|  clk_IBUF_BUFG | ram0/char_index_reg[4]_13[0]        | sd_card0/reset_n                |                2 |              8 |         4.00 |
|  clk_IBUF_BUFG | ram0/char_index_reg[2]_rep_8[0]     | sd_card0/reset_n                |                4 |              8 |         2.00 |
|  clk_IBUF_BUFG | ram0/char_index_reg[3]_12[0]        | sd_card0/reset_n                |                5 |              8 |         1.60 |
|  clk_IBUF_BUFG | ram0/char_index_reg[3]_16[0]        | sd_card0/reset_n                |                2 |              8 |         4.00 |
|  clk_IBUF_BUFG | ram0/char_index_reg[3]_30[0]        | sd_card0/reset_n                |                2 |              8 |         4.00 |
|  clk_IBUF_BUFG | ram0/char_index_reg[3]_rep_0[0]     | sd_card0/reset_n                |                3 |              8 |         2.67 |
|  clk_IBUF_BUFG | ram0/char_index_reg[3]_rep_5[0]     | sd_card0/reset_n                |                1 |              8 |         8.00 |
|  clk_IBUF_BUFG | ram0/char_index_reg[3]_27[0]        | sd_card0/reset_n                |                3 |              8 |         2.67 |
|  clk_IBUF_BUFG | ram0/char_index_reg[3]_6[0]         | sd_card0/reset_n                |                2 |              8 |         4.00 |
|  clk_IBUF_BUFG | ram0/char_index_reg[3]_8[0]         | sd_card0/reset_n                |                1 |              8 |         8.00 |
|  clk_IBUF_BUFG | ram0/char_index_reg[3]_22[0]        | sd_card0/reset_n                |                2 |              8 |         4.00 |
|  clk_IBUF_BUFG | ram0/char_index_reg[3]_rep_3[0]     | sd_card0/reset_n                |                1 |              8 |         8.00 |
|  clk_IBUF_BUFG | ram0/char_index_reg[3]_19[0]        | sd_card0/reset_n                |                5 |              8 |         1.60 |
|  clk_IBUF_BUFG | ram0/char_index_reg[3]_11[0]        | sd_card0/reset_n                |                2 |              8 |         4.00 |
|  clk_IBUF_BUFG | ram0/char_index_reg[2]_rep_40[0]    | sd_card0/reset_n                |                3 |              8 |         2.67 |
|  clk_IBUF_BUFG | ram0/char_index_reg[3]_10[0]        | sd_card0/reset_n                |                3 |              8 |         2.67 |
|  clk_IBUF_BUFG | ram0/char_index_reg[3]_18[0]        | sd_card0/reset_n                |                7 |              8 |         1.14 |
|  clk_IBUF_BUFG | ram0/char_index_reg[3]_31[0]        | sd_card0/reset_n                |                2 |              8 |         4.00 |
|  clk_IBUF_BUFG | ram0/char_index_reg[3]_3[0]         | sd_card0/reset_n                |                5 |              8 |         1.60 |
|  clk_IBUF_BUFG | ram0/char_index_reg[3]_0[0]         | sd_card0/reset_n                |                2 |              8 |         4.00 |
|  clk_IBUF_BUFG | ram0/char_index_reg[3]_29[0]        | sd_card0/reset_n                |                2 |              8 |         4.00 |
|  clk_IBUF_BUFG | ram0/char_index_reg[3]_rep[0]       | sd_card0/reset_n                |                2 |              8 |         4.00 |
|  clk_IBUF_BUFG | ram0/char_index_reg[3]_4[0]         | sd_card0/reset_n                |                3 |              8 |         2.67 |
|  clk_IBUF_BUFG | ram0/char_index_reg[3]_rep_10[0]    | sd_card0/reset_n                |                2 |              8 |         4.00 |
|  clk_IBUF_BUFG | ram0/char_index_reg[3]_2[0]         | sd_card0/reset_n                |                3 |              8 |         2.67 |
|  clk_IBUF_BUFG | ram0/char_index_reg[3]_25[0]        | sd_card0/reset_n                |                3 |              8 |         2.67 |
|  clk_IBUF_BUFG | ram0/char_index_reg[3]_32[0]        | sd_card0/reset_n                |                6 |              8 |         1.33 |
|  clk_IBUF_BUFG | ram0/char_index_reg[3]_rep_11[0]    | sd_card0/reset_n                |                5 |              8 |         1.60 |
|  clk_IBUF_BUFG | ram0/char_index_reg[3]_rep_12[0]    | sd_card0/reset_n                |                2 |              8 |         4.00 |
|  clk_IBUF_BUFG | ram0/char_index_reg[3]_21[0]        | sd_card0/reset_n                |                2 |              8 |         4.00 |
|  clk_IBUF_BUFG | ram0/char_index_reg[3]_rep_2[0]     | sd_card0/reset_n                |                3 |              8 |         2.67 |
|  clk_IBUF_BUFG | ram0/char_index_reg[2]_rep_42[0]    | sd_card0/reset_n                |                2 |              8 |         4.00 |
|  clk_IBUF_BUFG | ram0/char_index_reg[3]_13[0]        | sd_card0/reset_n                |                2 |              8 |         4.00 |
|  clk_IBUF_BUFG | ram0/char_index_reg[2]_rep_7[0]     | sd_card0/reset_n                |                2 |              8 |         4.00 |
|  clk_IBUF_BUFG | ram0/char_index_reg[3]_14[0]        | sd_card0/reset_n                |                1 |              8 |         8.00 |
|  clk_IBUF_BUFG | ram0/char_index_reg[3]_5[0]         | sd_card0/reset_n                |                2 |              8 |         4.00 |
|  clk_IBUF_BUFG | ram0/char_index_reg[3]_rep_7[0]     | sd_card0/reset_n                |                3 |              8 |         2.67 |
|  clk_IBUF_BUFG | ram0/char_index_reg[3]_28[0]        | sd_card0/reset_n                |                3 |              8 |         2.67 |
|  clk_IBUF_BUFG | ram0/char_index_reg[3]_7[0]         | sd_card0/reset_n                |                2 |              8 |         4.00 |
|  clk_IBUF_BUFG | ram0/char_index_reg[3]_rep_8[0]     | sd_card0/reset_n                |                1 |              8 |         8.00 |
|  clk_IBUF_BUFG | ram0/char_index_reg[4]_rep_35[0]    | sd_card0/reset_n                |                1 |              8 |         8.00 |
|  clk_IBUF_BUFG | ram0/char_index_reg[4]_rep_36[0]    | sd_card0/reset_n                |                1 |              8 |         8.00 |
|  clk_IBUF_BUFG | ram0/char_index_reg[4]_rep_37[0]    | sd_card0/reset_n                |                1 |              8 |         8.00 |
|  clk_IBUF_BUFG | ram0/char_index_reg[4]_rep_4[0]     | sd_card0/reset_n                |                3 |              8 |         2.67 |
|  clk_IBUF_BUFG | ram0/char_index_reg[4]_rep_34[0]    | sd_card0/reset_n                |                3 |              8 |         2.67 |
|  clk_IBUF_BUFG | ram0/char_index_reg[4]_rep_40[0]    | sd_card0/reset_n                |                4 |              8 |         2.00 |
|  clk_IBUF_BUFG | ram0/char_index_reg[4]_rep_41[0]    | sd_card0/reset_n                |                4 |              8 |         2.00 |
|  clk_IBUF_BUFG | ram0/char_index_reg[4]_rep_42[0]    | sd_card0/reset_n                |                3 |              8 |         2.67 |
|  clk_IBUF_BUFG | ram0/char_index_reg[4]_rep_16[0]    | sd_card0/reset_n                |                5 |              8 |         1.60 |
|  clk_IBUF_BUFG | ram0/char_index_reg[4]_rep_43[0]    | sd_card0/reset_n                |                5 |              8 |         1.60 |
|  clk_IBUF_BUFG | ram0/char_index_reg[4]_rep_24[0]    | sd_card0/reset_n                |                2 |              8 |         4.00 |
|  clk_IBUF_BUFG | ram0/char_index_reg[4]_rep_12[0]    | sd_card0/reset_n                |                7 |              8 |         1.14 |
|  clk_IBUF_BUFG | ram0/char_index_reg[4]_rep_26[0]    | sd_card0/reset_n                |                3 |              8 |         2.67 |
|  clk_IBUF_BUFG | ram0/char_index_reg[4]_rep_44[0]    | sd_card0/reset_n                |                5 |              8 |         1.60 |
|  clk_IBUF_BUFG | ram0/char_index_reg[4]_rep_45[0]    | sd_card0/reset_n                |                2 |              8 |         4.00 |
|  clk_IBUF_BUFG | ram0/char_index_reg[4]_rep_20[0]    | sd_card0/reset_n                |                2 |              8 |         4.00 |
|  clk_IBUF_BUFG | ram0/char_index_reg[4]_23[0]        | sd_card0/reset_n                |                2 |              8 |         4.00 |
|  clk_IBUF_BUFG | ram0/char_index_reg[4]_9[0]         | sd_card0/reset_n                |                2 |              8 |         4.00 |
|  clk_IBUF_BUFG | ram0/char_index_reg[4]_17[0]        | sd_card0/reset_n                |                4 |              8 |         2.00 |
|  clk_IBUF_BUFG | ram0/char_index_reg[4]_rep_46[0]    | sd_card0/reset_n                |                4 |              8 |         2.00 |
|  clk_IBUF_BUFG | ram0/char_index_reg[4]_rep_47[0]    | sd_card0/reset_n                |                1 |              8 |         8.00 |
|  clk_IBUF_BUFG | ram0/char_index_reg[4]_14[0]        | sd_card0/reset_n                |                1 |              8 |         8.00 |
|  clk_IBUF_BUFG | ram0/char_index_reg[4]_2[0]         | sd_card0/reset_n                |                3 |              8 |         2.67 |
|  clk_IBUF_BUFG | ram0/char_index_reg[4]_8[0]         | sd_card0/reset_n                |                4 |              8 |         2.00 |
|  clk_IBUF_BUFG | ram0/char_index_reg[4]_rep_3[0]     | sd_card0/reset_n                |                2 |              8 |         4.00 |
|  clk_IBUF_BUFG | ram0/char_index_reg[4]_rep_15[0]    | sd_card0/reset_n                |                3 |              8 |         2.67 |
|  clk_IBUF_BUFG | ram0/char_index_reg[4]_25[0]        | sd_card0/reset_n                |                3 |              8 |         2.67 |
|  clk_IBUF_BUFG | ram0/char_index_reg[4]_22[0]        | sd_card0/reset_n                |                5 |              8 |         1.60 |
|  clk_IBUF_BUFG | ram0/char_index_reg[4]_7[0]         | sd_card0/reset_n                |                3 |              8 |         2.67 |
|  clk_IBUF_BUFG | ram0/char_index_reg[4]_rep_13[0]    | sd_card0/reset_n                |                4 |              8 |         2.00 |
|  clk_IBUF_BUFG | ram0/char_index_reg[4]_rep_38[0]    | sd_card0/reset_n                |                3 |              8 |         2.67 |
|  clk_IBUF_BUFG | ram0/char_index_reg[4]_rep_27[0]    | sd_card0/reset_n                |                2 |              8 |         4.00 |
|  clk_IBUF_BUFG | ram0/char_index_reg[4]_18[0]        | sd_card0/reset_n                |                1 |              8 |         8.00 |
|  clk_IBUF_BUFG | ram0/char_index_reg[4]_24[0]        | sd_card0/reset_n                |                2 |              8 |         4.00 |
|  clk_IBUF_BUFG | ram0/char_index_reg[4]_rep_10[0]    | sd_card0/reset_n                |                3 |              8 |         2.67 |
|  clk_IBUF_BUFG | ram0/char_index_reg[4]_5[0]         | sd_card0/reset_n                |                3 |              8 |         2.67 |
|  clk_IBUF_BUFG | ram0/char_index_reg[4]_rep_11[0]    | sd_card0/reset_n                |                3 |              8 |         2.67 |
|  clk_IBUF_BUFG | ram0/char_index_reg[4]_rep_18[0]    | sd_card0/reset_n                |                4 |              8 |         2.00 |
|  clk_IBUF_BUFG | ram0/char_index_reg[4]_4[0]         | sd_card0/reset_n                |                3 |              8 |         2.67 |
|  clk_IBUF_BUFG | ram0/char_index_reg[4]_rep_17[0]    | sd_card0/reset_n                |                5 |              8 |         1.60 |
|  clk_IBUF_BUFG | ram0/char_index_reg[4]_rep_39[0]    | sd_card0/reset_n                |                1 |              8 |         8.00 |
|  clk_IBUF_BUFG | ram0/char_index_reg[4]_6[0]         | sd_card0/reset_n                |                6 |              8 |         1.33 |
|  clk_IBUF_BUFG | ram0/char_index_reg[4]_rep_14[0]    | sd_card0/reset_n                |                4 |              8 |         2.00 |
|  clk_IBUF_BUFG | ram0/char_index_reg[4]_rep_21[0]    | sd_card0/reset_n                |                1 |              8 |         8.00 |
|  clk_IBUF_BUFG | ram0/char_index_reg[4]_rep_29[0]    | sd_card0/reset_n                |                5 |              8 |         1.60 |
|  clk_IBUF_BUFG | ram0/char_index_reg[4]_rep_30[0]    | sd_card0/reset_n                |                1 |              8 |         8.00 |
|  clk_IBUF_BUFG | ram0/char_index_reg[4]_rep_0[0]     | sd_card0/reset_n                |                1 |              8 |         8.00 |
|  clk_IBUF_BUFG | ram0/char_index_reg[4]_21[0]        | sd_card0/reset_n                |                2 |              8 |         4.00 |
|  clk_IBUF_BUFG | ram0/char_index_reg[4]_16[0]        | sd_card0/reset_n                |                3 |              8 |         2.67 |
|  clk_IBUF_BUFG | ram0/char_index_reg[4]_rep[0]       | sd_card0/reset_n                |                5 |              8 |         1.60 |
|  clk_IBUF_BUFG | ram0/char_index_reg[4]_rep_1[0]     | sd_card0/reset_n                |                3 |              8 |         2.67 |
|  clk_IBUF_BUFG | ram0/char_index_reg[4]_rep_19[0]    | sd_card0/reset_n                |                2 |              8 |         4.00 |
|  clk_IBUF_BUFG | ram0/char_index_reg[4]_rep_25[0]    | sd_card0/reset_n                |                1 |              8 |         8.00 |
|  clk_IBUF_BUFG | ram0/char_index_reg[4]_rep_31[0]    | sd_card0/reset_n                |                2 |              8 |         4.00 |
|  clk_IBUF_BUFG | ram0/char_index_reg[4]_15[0]        | sd_card0/reset_n                |                1 |              8 |         8.00 |
|  clk_IBUF_BUFG | ram0/char_index_reg[4]_20[0]        | sd_card0/reset_n                |                4 |              8 |         2.00 |
|  clk_IBUF_BUFG | ram0/char_index_reg[4]_3[0]         | sd_card0/reset_n                |                3 |              8 |         2.67 |
|  clk_IBUF_BUFG | ram0/char_index_reg[4]_rep_23[0]    | sd_card0/reset_n                |                2 |              8 |         4.00 |
|  clk_IBUF_BUFG | ram0/char_index_reg[4]_19[0]        | sd_card0/reset_n                |                2 |              8 |         4.00 |
|  clk_IBUF_BUFG | ram0/char_index_reg[4]_rep_32[0]    | sd_card0/reset_n                |                2 |              8 |         4.00 |
|  clk_IBUF_BUFG | ram0/char_index_reg[4]_rep_22[0]    | sd_card0/reset_n                |                4 |              8 |         2.00 |
|  clk_IBUF_BUFG | ram0/char_index_reg[4]_26[0]        | sd_card0/reset_n                |                2 |              8 |         4.00 |
|  clk_IBUF_BUFG | ram0/char_index_reg[4]_rep_28[0]    | sd_card0/reset_n                |                1 |              8 |         8.00 |
|  clk_IBUF_BUFG | ram0/char_index_reg[4]_rep_33[0]    | sd_card0/reset_n                |                3 |              8 |         2.67 |
|  clk_IBUF_BUFG | ram0/char_index_reg[5]_30[0]        | sd_card0/reset_n                |                5 |              8 |         1.60 |
|  clk_IBUF_BUFG | ram0/char_index_reg[5]_rep_0[0]     | sd_card0/reset_n                |                2 |              8 |         4.00 |
|  clk_IBUF_BUFG | ram0/char_index_reg[4]_rep_48[0]    | sd_card0/reset_n                |                3 |              8 |         2.67 |
|  clk_IBUF_BUFG | ram0/char_index_reg[5]_rep_10[0]    | sd_card0/reset_n                |                7 |              8 |         1.14 |
|  clk_IBUF_BUFG | ram0/char_index_reg[5]_rep_14[0]    | sd_card0/reset_n                |                2 |              8 |         4.00 |
|  clk_IBUF_BUFG | ram0/char_index_reg[4]_rep_50[0]    | sd_card0/reset_n                |                4 |              8 |         2.00 |
|  clk_IBUF_BUFG | ram0/char_index_reg[5]_rep_3[0]     | sd_card0/reset_n                |                5 |              8 |         1.60 |
|  clk_IBUF_BUFG | ram0/char_index_reg[5]_14[0]        | sd_card0/reset_n                |                5 |              8 |         1.60 |
|  clk_IBUF_BUFG | ram0/char_index_reg[4]_rep_5[0]     | sd_card0/reset_n                |                1 |              8 |         8.00 |
|  clk_IBUF_BUFG | ram0/char_index_reg[5][0]           | sd_card0/reset_n                |                2 |              8 |         4.00 |
|  clk_IBUF_BUFG | ram0/char_index_reg[5]_27[0]        | sd_card0/reset_n                |                1 |              8 |         8.00 |
|  clk_IBUF_BUFG | ram0/char_index_reg[4]_rep_6[0]     | sd_card0/reset_n                |                3 |              8 |         2.67 |
|  clk_IBUF_BUFG | ram0/char_index_reg[5]_24[0]        | sd_card0/reset_n                |                4 |              8 |         2.00 |
|  clk_IBUF_BUFG | ram0/char_index_reg[5]_rep_11[0]    | sd_card0/reset_n                |                4 |              8 |         2.00 |
|  clk_IBUF_BUFG | ram0/char_index_reg[5]_rep_4[0]     | sd_card0/reset_n                |                6 |              8 |         1.33 |
|  clk_IBUF_BUFG | ram0/char_index_reg[5]_11[0]        | sd_card0/reset_n                |                3 |              8 |         2.67 |
|  clk_IBUF_BUFG | ram0/char_index_reg[5]_rep_5[0]     | sd_card0/reset_n                |                2 |              8 |         4.00 |
|  clk_IBUF_BUFG | ram0/char_index_reg[5]_17[0]        | sd_card0/reset_n                |                3 |              8 |         2.67 |
|  clk_IBUF_BUFG | ram0/char_index_reg[5]_6[0]         | sd_card0/reset_n                |                2 |              8 |         4.00 |
|  clk_IBUF_BUFG | ram0/char_index_reg[5]_28[0]        | sd_card0/reset_n                |                2 |              8 |         4.00 |
|  clk_IBUF_BUFG | ram0/char_index_reg[5]_rep_1[0]     | sd_card0/reset_n                |                3 |              8 |         2.67 |
|  clk_IBUF_BUFG | ram0/char_index_reg[5]_36[0]        | sd_card0/reset_n                |                6 |              8 |         1.33 |
|  clk_IBUF_BUFG | ram0/char_index_reg[5]_3[0]         | sd_card0/reset_n                |                2 |              8 |         4.00 |
|  clk_IBUF_BUFG | ram0/char_index_reg[5]_9[0]         | sd_card0/reset_n                |                4 |              8 |         2.00 |
|  clk_IBUF_BUFG | ram0/char_index_reg[5]_rep_2[0]     | sd_card0/reset_n                |                3 |              8 |         2.67 |
|  clk_IBUF_BUFG | ram0/char_index_reg[4]_rep_9[0]     | sd_card0/reset_n                |                2 |              8 |         4.00 |
|  clk_IBUF_BUFG | ram0/char_index_reg[5]_20[0]        | sd_card0/reset_n                |                2 |              8 |         4.00 |
|  clk_IBUF_BUFG | ram0/char_index_reg[5]_26[0]        | sd_card0/reset_n                |                3 |              8 |         2.67 |
|  clk_IBUF_BUFG | ram0/char_index_reg[4]_rep_7[0]     | sd_card0/reset_n                |                5 |              8 |         1.60 |
|  clk_IBUF_BUFG | ram0/char_index_reg[5]_32[0]        | sd_card0/reset_n                |                2 |              8 |         4.00 |
|  clk_IBUF_BUFG | ram0/char_index_reg[5]_rep_18[0]    | sd_card0/reset_n                |                4 |              8 |         2.00 |
|  clk_IBUF_BUFG | ram0/char_index_reg[5]_rep_19[0]    | sd_card0/reset_n                |                2 |              8 |         4.00 |
|  clk_IBUF_BUFG | ram0/char_index_reg[5]_7[0]         | sd_card0/reset_n                |                1 |              8 |         8.00 |
|  clk_IBUF_BUFG | ram0/char_index_reg[5]_21[0]        | sd_card0/reset_n                |                5 |              8 |         1.60 |
|  clk_IBUF_BUFG | ram0/char_index_reg[5]_13[0]        | sd_card0/reset_n                |                6 |              8 |         1.33 |
|  clk_IBUF_BUFG | ram0/char_index_reg[5]_23[0]        | sd_card0/reset_n                |                3 |              8 |         2.67 |
|  clk_IBUF_BUFG | ram0/char_index_reg[5]_1[0]         | sd_card0/reset_n                |                2 |              8 |         4.00 |
|  clk_IBUF_BUFG | ram0/char_index_reg[5]_31[0]        | sd_card0/reset_n                |                4 |              8 |         2.00 |
|  clk_IBUF_BUFG | ram0/char_index_reg[5]_0[0]         | sd_card0/reset_n                |                1 |              8 |         8.00 |
|  clk_IBUF_BUFG | ram0/char_index_reg[5]_19[0]        | sd_card0/reset_n                |                5 |              8 |         1.60 |
|  clk_IBUF_BUFG | ram0/char_index_reg[5]_rep_17[0]    | sd_card0/reset_n                |                4 |              8 |         2.00 |
|  clk_IBUF_BUFG | ram0/char_index_reg[4]_rep_8[0]     | sd_card0/reset_n                |                3 |              8 |         2.67 |
|  clk_IBUF_BUFG | ram0/char_index_reg[5]_15[0]        | sd_card0/reset_n                |                5 |              8 |         1.60 |
|  clk_IBUF_BUFG | ram0/char_index_reg[5]_18[0]        | sd_card0/reset_n                |                3 |              8 |         2.67 |
|  clk_IBUF_BUFG | ram0/char_index_reg[5]_29[0]        | sd_card0/reset_n                |                1 |              8 |         8.00 |
|  clk_IBUF_BUFG | ram0/char_index_reg[5]_35[0]        | sd_card0/reset_n                |                1 |              8 |         8.00 |
|  clk_IBUF_BUFG | ram0/char_index_reg[5]_rep_12[0]    | sd_card0/reset_n                |                4 |              8 |         2.00 |
|  clk_IBUF_BUFG | ram0/char_index_reg[5]_22[0]        | sd_card0/reset_n                |                3 |              8 |         2.67 |
|  clk_IBUF_BUFG | ram0/char_index_reg[5]_10[0]        | sd_card0/reset_n                |                1 |              8 |         8.00 |
|  clk_IBUF_BUFG | ram0/char_index_reg[5]_2[0]         | sd_card0/reset_n                |                4 |              8 |         2.00 |
|  clk_IBUF_BUFG | ram0/char_index_reg[5]_33[0]        | sd_card0/reset_n                |                3 |              8 |         2.67 |
|  clk_IBUF_BUFG | ram0/char_index_reg[5]_5[0]         | sd_card0/reset_n                |                3 |              8 |         2.67 |
|  clk_IBUF_BUFG | ram0/char_index_reg[5]_rep[0]       | sd_card0/reset_n                |                4 |              8 |         2.00 |
|  clk_IBUF_BUFG | ram0/char_index_reg[5]_12[0]        | sd_card0/reset_n                |                4 |              8 |         2.00 |
|  clk_IBUF_BUFG | ram0/char_index_reg[5]_4[0]         | sd_card0/reset_n                |                1 |              8 |         8.00 |
|  clk_IBUF_BUFG | ram0/char_index_reg[5]_rep_13[0]    | sd_card0/reset_n                |                2 |              8 |         4.00 |
|  clk_IBUF_BUFG | ram0/char_index_reg[5]_rep_16[0]    | sd_card0/reset_n                |                2 |              8 |         4.00 |
|  clk_IBUF_BUFG | ram0/char_index_reg[5]_25[0]        | sd_card0/reset_n                |                4 |              8 |         2.00 |
|  clk_IBUF_BUFG | ram0/char_index_reg[5]_34[0]        | sd_card0/reset_n                |                1 |              8 |         8.00 |
|  clk_IBUF_BUFG | ram0/char_index_reg[5]_8[0]         | sd_card0/reset_n                |                2 |              8 |         4.00 |
|  clk_IBUF_BUFG | ram0/char_index_reg[5]_16[0]        | sd_card0/reset_n                |                1 |              8 |         8.00 |
|  clk_IBUF_BUFG | ram0/char_index_reg[4]_rep_49[0]    | sd_card0/reset_n                |                1 |              8 |         8.00 |
|  clk_IBUF_BUFG | ram0/char_index_reg[5]_rep_15[0]    | sd_card0/reset_n                |                5 |              8 |         1.60 |
|  clk_IBUF_BUFG | ram0/char_index_reg[5]_rep_20[0]    | sd_card0/reset_n                |                6 |              8 |         1.33 |
|  clk_IBUF_BUFG | ram0/char_index_reg[7]_1[0]         | sd_card0/reset_n                |                1 |              8 |         8.00 |
|  clk_IBUF_BUFG | ram0/char_index_reg[7]_16[0]        | sd_card0/reset_n                |                2 |              8 |         4.00 |
|  clk_IBUF_BUFG | ram0/char_index_reg[6]_9[0]         | sd_card0/reset_n                |                2 |              8 |         4.00 |
|  clk_IBUF_BUFG | ram0/char_index_reg[6]_rep_10[0]    | sd_card0/reset_n                |                1 |              8 |         8.00 |
|  clk_IBUF_BUFG | ram0/char_index_reg[6]_rep_15[0]    | sd_card0/reset_n                |                2 |              8 |         4.00 |
|  clk_IBUF_BUFG | ram0/char_index_reg[6]_rep_18[0]    | sd_card0/reset_n                |                2 |              8 |         4.00 |
|  clk_IBUF_BUFG | ram0/char_index_reg[6]_rep_13[0]    | sd_card0/reset_n                |                2 |              8 |         4.00 |
|  clk_IBUF_BUFG | ram0/char_index_reg[6]_11[0]        | sd_card0/reset_n                |                3 |              8 |         2.67 |
|  clk_IBUF_BUFG | ram0/char_index_reg[6]_3[0]         | sd_card0/reset_n                |                4 |              8 |         2.00 |
|  clk_IBUF_BUFG | ram0/char_index_reg[6]_rep_17[0]    | sd_card0/reset_n                |                4 |              8 |         2.00 |
|  clk_IBUF_BUFG | ram0/char_index_reg[6]_rep_22[0]    | sd_card0/reset_n                |                3 |              8 |         2.67 |
|  clk_IBUF_BUFG | ram0/char_index_reg[6]_rep_19[0]    | sd_card0/reset_n                |                2 |              8 |         4.00 |
|  clk_IBUF_BUFG | ram0/char_index_reg[6]_rep_25[0]    | sd_card0/reset_n                |                3 |              8 |         2.67 |
|  clk_IBUF_BUFG | ram0/char_index_reg[6]_rep_24[0]    | sd_card0/reset_n                |                5 |              8 |         1.60 |
|  clk_IBUF_BUFG | ram0/char_index_reg[6]_rep_3[0]     | sd_card0/reset_n                |                1 |              8 |         8.00 |
|  clk_IBUF_BUFG | ram0/char_index_reg[6]_rep_7[0]     | sd_card0/reset_n                |                1 |              8 |         8.00 |
|  clk_IBUF_BUFG | ram0/char_index_reg[6]_rep_9[0]     | sd_card0/reset_n                |                4 |              8 |         2.00 |
|  clk_IBUF_BUFG | ram0/char_index_reg[7]_10[0]        | sd_card0/reset_n                |                5 |              8 |         1.60 |
|  clk_IBUF_BUFG | ram0/char_index_reg[6][0]           | sd_card0/reset_n                |                4 |              8 |         2.00 |
|  clk_IBUF_BUFG | ram0/char_index_reg[6]_rep_12[0]    | sd_card0/reset_n                |                4 |              8 |         2.00 |
|  clk_IBUF_BUFG | ram0/char_index_reg[7]_11[0]        | sd_card0/reset_n                |                3 |              8 |         2.67 |
|  clk_IBUF_BUFG | ram0/char_index_reg[6]_rep_26[0]    | sd_card0/reset_n                |                1 |              8 |         8.00 |
|  clk_IBUF_BUFG | ram0/char_index_reg[5]_rep_8[0]     | sd_card0/reset_n                |                6 |              8 |         1.33 |
|  clk_IBUF_BUFG | ram0/char_index_reg[6]_7[0]         | sd_card0/reset_n                |                3 |              8 |         2.67 |
|  clk_IBUF_BUFG | ram0/char_index_reg[6]_rep_11[0]    | sd_card0/reset_n                |                4 |              8 |         2.00 |
|  clk_IBUF_BUFG | ram0/char_index_reg[5]_rep_6[0]     | sd_card0/reset_n                |                3 |              8 |         2.67 |
|  clk_IBUF_BUFG | ram0/char_index_reg[5]_rep_7[0]     | sd_card0/reset_n                |                2 |              8 |         4.00 |
|  clk_IBUF_BUFG | ram0/char_index_reg[6]_rep_21[0]    | sd_card0/reset_n                |                2 |              8 |         4.00 |
|  clk_IBUF_BUFG | ram0/char_index_reg[5]_rep_9[0]     | sd_card0/reset_n                |                3 |              8 |         2.67 |
|  clk_IBUF_BUFG | ram0/char_index_reg[6]_4[0]         | sd_card0/reset_n                |                5 |              8 |         1.60 |
|  clk_IBUF_BUFG | ram0/char_index_reg[6]_rep_0[0]     | sd_card0/reset_n                |                2 |              8 |         4.00 |
|  clk_IBUF_BUFG | ram0/char_index_reg[6]_rep_2[0]     | sd_card0/reset_n                |                2 |              8 |         4.00 |
|  clk_IBUF_BUFG | ram0/char_index_reg[6]_0[0]         | sd_card0/reset_n                |                6 |              8 |         1.33 |
|  clk_IBUF_BUFG | ram0/char_index_reg[6]_2[0]         | sd_card0/reset_n                |                2 |              8 |         4.00 |
|  clk_IBUF_BUFG | ram0/char_index_reg[6]_5[0]         | sd_card0/reset_n                |                6 |              8 |         1.33 |
|  clk_IBUF_BUFG | ram0/char_index_reg[6]_rep_31[0]    | sd_card0/reset_n                |                2 |              8 |         4.00 |
|  clk_IBUF_BUFG | ram0/char_index_reg[6]_rep_4[0]     | sd_card0/reset_n                |                2 |              8 |         4.00 |
|  clk_IBUF_BUFG | ram0/char_index_reg[6]_8[0]         | sd_card0/reset_n                |                6 |              8 |         1.33 |
|  clk_IBUF_BUFG | ram0/char_index_reg[6]_rep_1[0]     | sd_card0/reset_n                |                2 |              8 |         4.00 |
|  clk_IBUF_BUFG | ram0/char_index_reg[6]_rep_23[0]    | sd_card0/reset_n                |                4 |              8 |         2.00 |
|  clk_IBUF_BUFG | ram0/char_index_reg[6]_rep_6[0]     | sd_card0/reset_n                |                2 |              8 |         4.00 |
|  clk_IBUF_BUFG | ram0/char_index_reg[6]_rep_20[0]    | sd_card0/reset_n                |                3 |              8 |         2.67 |
|  clk_IBUF_BUFG | ram0/char_index_reg[6]_rep_27[0]    | sd_card0/reset_n                |                3 |              8 |         2.67 |
|  clk_IBUF_BUFG | ram0/char_index_reg[7][0]           | sd_card0/reset_n                |                2 |              8 |         4.00 |
|  clk_IBUF_BUFG | ram0/char_index_reg[7]_0[0]         | sd_card0/reset_n                |                1 |              8 |         8.00 |
|  clk_IBUF_BUFG | ram0/char_index_reg[6]_rep_8[0]     | sd_card0/reset_n                |                1 |              8 |         8.00 |
|  clk_IBUF_BUFG | ram0/char_index_reg[7]_12[0]        | sd_card0/reset_n                |                3 |              8 |         2.67 |
|  clk_IBUF_BUFG | ram0/char_index_reg[6]_rep_14[0]    | sd_card0/reset_n                |                5 |              8 |         1.60 |
|  clk_IBUF_BUFG | ram0/char_index_reg[7]_13[0]        | sd_card0/reset_n                |                2 |              8 |         4.00 |
|  clk_IBUF_BUFG | ram0/char_index_reg[6]_rep[0]       | sd_card0/reset_n                |                4 |              8 |         2.00 |
|  clk_IBUF_BUFG | ram0/char_index_reg[6]_rep_30[0]    | sd_card0/reset_n                |                2 |              8 |         4.00 |
|  clk_IBUF_BUFG | ram0/char_index_reg[7]_14[0]        | sd_card0/reset_n                |                3 |              8 |         2.67 |
|  clk_IBUF_BUFG | ram0/char_index_reg[7]_15[0]        | sd_card0/reset_n                |                6 |              8 |         1.33 |
|  clk_IBUF_BUFG | ram0/char_index_reg[6]_6[0]         | sd_card0/reset_n                |                6 |              8 |         1.33 |
|  clk_IBUF_BUFG | ram0/char_index_reg[7]_17[0]        | sd_card0/reset_n                |                2 |              8 |         4.00 |
|  clk_IBUF_BUFG | ram0/char_index_reg[6]_rep_5[0]     | sd_card0/reset_n                |                2 |              8 |         4.00 |
|  clk_IBUF_BUFG | ram0/char_index_reg[7]_18[0]        | sd_card0/reset_n                |                2 |              8 |         4.00 |
|  clk_IBUF_BUFG | ram0/char_index_reg[6]_rep_29[0]    | sd_card0/reset_n                |                2 |              8 |         4.00 |
|  clk_IBUF_BUFG | ram0/char_index_reg[7]_19[0]        | sd_card0/reset_n                |                1 |              8 |         8.00 |
|  clk_IBUF_BUFG | ram0/char_index_reg[7]_2[0]         | sd_card0/reset_n                |                3 |              8 |         2.67 |
|  clk_IBUF_BUFG | ram0/char_index_reg[6]_10[0]        | sd_card0/reset_n                |                5 |              8 |         1.60 |
|  clk_IBUF_BUFG | ram0/char_index_reg[6]_rep_16[0]    | sd_card0/reset_n                |                1 |              8 |         8.00 |
|  clk_IBUF_BUFG | ram0/char_index_reg[6]_1[0]         | sd_card0/reset_n                |                3 |              8 |         2.67 |
|  clk_IBUF_BUFG | ram0/char_index_reg[6]_rep_28[0]    | sd_card0/reset_n                |                5 |              8 |         1.60 |
|  clk_IBUF_BUFG | ram0/char_index_reg[7]_42[0]        | sd_card0/reset_n                |                4 |              8 |         2.00 |
|  clk_IBUF_BUFG | ram0/char_index_reg[7]_40[0]        | sd_card0/reset_n                |                4 |              8 |         2.00 |
|  clk_IBUF_BUFG | ram0/char_index_reg[7]_rep_10[0]    | sd_card0/reset_n                |                7 |              8 |         1.14 |
|  clk_IBUF_BUFG | ram0/char_index_reg[8]_11[0]        | sd_card0/reset_n                |                1 |              8 |         8.00 |
|  clk_IBUF_BUFG | ram0/char_index_reg[8]_15[0]        | sd_card0/reset_n                |                3 |              8 |         2.67 |
|  clk_IBUF_BUFG | ram0/char_index_reg[7]_35[0]        | sd_card0/reset_n                |                2 |              8 |         4.00 |
|  clk_IBUF_BUFG | ram0/char_index_reg[7]_rep_4[0]     | sd_card0/reset_n                |                5 |              8 |         1.60 |
|  clk_IBUF_BUFG | ram0/char_index_reg[8]_2[0]         | sd_card0/reset_n                |                4 |              8 |         2.00 |
|  clk_IBUF_BUFG | ram0/char_index_reg[8]_21[0]        | sd_card0/reset_n                |                1 |              8 |         8.00 |
|  clk_IBUF_BUFG | ram0/char_index_reg[8]_22[0]        | sd_card0/reset_n                |                3 |              8 |         2.67 |
|  clk_IBUF_BUFG | ram0/char_index_reg[8]_16[0]        | sd_card0/reset_n                |                3 |              8 |         2.67 |
|  clk_IBUF_BUFG | ram0/char_index_reg[8]_14[0]        | sd_card0/reset_n                |                1 |              8 |         8.00 |
|  clk_IBUF_BUFG | ram0/char_index_reg[8]_23[0]        | sd_card0/reset_n                |                5 |              8 |         1.60 |
|  clk_IBUF_BUFG | ram0/char_index_reg[7]_rep_3[0]     | sd_card0/reset_n                |                2 |              8 |         4.00 |
|  clk_IBUF_BUFG | ram0/char_index_reg[8]_3[0]         | sd_card0/reset_n                |                3 |              8 |         2.67 |
|  clk_IBUF_BUFG | ram0/char_index_reg[7]_rep_2[0]     | sd_card0/reset_n                |                3 |              8 |         2.67 |
|  clk_IBUF_BUFG | ram0/char_index_reg[8]_19[0]        | sd_card0/reset_n                |                2 |              8 |         4.00 |
|  clk_IBUF_BUFG | ram0/char_index_reg[7]_30[0]        | sd_card0/reset_n                |                3 |              8 |         2.67 |
|  clk_IBUF_BUFG | ram0/char_index_reg[7]_26[0]        | sd_card0/reset_n                |                2 |              8 |         4.00 |
|  clk_IBUF_BUFG | ram0/char_index_reg[7]_8[0]         | sd_card0/reset_n                |                3 |              8 |         2.67 |
|  clk_IBUF_BUFG | ram0/char_index_reg[8]_24[0]        | sd_card0/reset_n                |                2 |              8 |         4.00 |
|  clk_IBUF_BUFG | ram0/char_index_reg[8]_13[0]        | sd_card0/reset_n                |                7 |              8 |         1.14 |
|  clk_IBUF_BUFG | ram0/char_index_reg[7]_24[0]        | sd_card0/reset_n                |                3 |              8 |         2.67 |
|  clk_IBUF_BUFG | ram0/char_index_reg[7]_20[0]        | sd_card0/reset_n                |                2 |              8 |         4.00 |
|  clk_IBUF_BUFG | ram0/char_index_reg[7]_rep_0[0]     | sd_card0/reset_n                |                2 |              8 |         4.00 |
|  clk_IBUF_BUFG | ram0/char_index_reg[7]_22[0]        | sd_card0/reset_n                |                6 |              8 |         1.33 |
|  clk_IBUF_BUFG | ram0/char_index_reg[7]_23[0]        | sd_card0/reset_n                |                2 |              8 |         4.00 |
|  clk_IBUF_BUFG | ram0/char_index_reg[7]_34[0]        | sd_card0/reset_n                |                2 |              8 |         4.00 |
|  clk_IBUF_BUFG | ram0/char_index_reg[7]_25[0]        | sd_card0/reset_n                |                2 |              8 |         4.00 |
|  clk_IBUF_BUFG | ram0/char_index_reg[7]_37[0]        | sd_card0/reset_n                |                5 |              8 |         1.60 |
|  clk_IBUF_BUFG | ram0/char_index_reg[7]_38[0]        | sd_card0/reset_n                |                2 |              8 |         4.00 |
|  clk_IBUF_BUFG | ram0/char_index_reg[7]_rep_8[0]     | sd_card0/reset_n                |                2 |              8 |         4.00 |
|  clk_IBUF_BUFG | ram0/char_index_reg[7]_27[0]        | sd_card0/reset_n                |                3 |              8 |         2.67 |
|  clk_IBUF_BUFG | ram0/char_index_reg[7]_9[0]         | sd_card0/reset_n                |                4 |              8 |         2.00 |
|  clk_IBUF_BUFG | ram0/char_index_reg[7]_rep_9[0]     | sd_card0/reset_n                |                5 |              8 |         1.60 |
|  clk_IBUF_BUFG | ram0/char_index_reg[8]_10[0]        | sd_card0/reset_n                |                4 |              8 |         2.00 |
|  clk_IBUF_BUFG | ram0/char_index_reg[7]_rep_5[0]     | sd_card0/reset_n                |                2 |              8 |         4.00 |
|  clk_IBUF_BUFG | ram0/char_index_reg[8]_12[0]        | sd_card0/reset_n                |                3 |              8 |         2.67 |
|  clk_IBUF_BUFG | ram0/char_index_reg[7]_21[0]        | sd_card0/reset_n                |                3 |              8 |         2.67 |
|  clk_IBUF_BUFG | ram0/char_index_reg[7]_32[0]        | sd_card0/reset_n                |                3 |              8 |         2.67 |
|  clk_IBUF_BUFG | ram0/char_index_reg[7]_36[0]        | sd_card0/reset_n                |                2 |              8 |         4.00 |
|  clk_IBUF_BUFG | ram0/char_index_reg[7]_29[0]        | sd_card0/reset_n                |                1 |              8 |         8.00 |
|  clk_IBUF_BUFG | ram0/char_index_reg[7]_31[0]        | sd_card0/reset_n                |                4 |              8 |         2.00 |
|  clk_IBUF_BUFG | ram0/char_index_reg[7]_rep_7[0]     | sd_card0/reset_n                |                2 |              8 |         4.00 |
|  clk_IBUF_BUFG | ram0/char_index_reg[8]_20[0]        | sd_card0/reset_n                |                3 |              8 |         2.67 |
|  clk_IBUF_BUFG | ram0/char_index_reg[8]_25[0]        | sd_card0/reset_n                |                6 |              8 |         1.33 |
|  clk_IBUF_BUFG | ram0/char_index_reg[8]_0[0]         | sd_card0/reset_n                |                1 |              8 |         8.00 |
|  clk_IBUF_BUFG | ram0/char_index_reg[8]_26[0]        | sd_card0/reset_n                |                3 |              8 |         2.67 |
|  clk_IBUF_BUFG | ram0/char_index_reg[7]_33[0]        | sd_card0/reset_n                |                3 |              8 |         2.67 |
|  clk_IBUF_BUFG | ram0/char_index_reg[7]_7[0]         | sd_card0/reset_n                |                2 |              8 |         4.00 |
|  clk_IBUF_BUFG | ram0/char_index_reg[7]_41[0]        | sd_card0/reset_n                |                2 |              8 |         4.00 |
|  clk_IBUF_BUFG | ram0/char_index_reg[7]_rep_1[0]     | sd_card0/reset_n                |                2 |              8 |         4.00 |
|  clk_IBUF_BUFG | ram0/char_index_reg[7]_5[0]         | sd_card0/reset_n                |                2 |              8 |         4.00 |
|  clk_IBUF_BUFG | ram0/char_index_reg[7]_rep_6[0]     | sd_card0/reset_n                |                2 |              8 |         4.00 |
|  clk_IBUF_BUFG | ram0/char_index_reg[7]_6[0]         | sd_card0/reset_n                |                3 |              8 |         2.67 |
|  clk_IBUF_BUFG | ram0/char_index_reg[8][0]           | sd_card0/reset_n                |                2 |              8 |         4.00 |
|  clk_IBUF_BUFG | ram0/char_index_reg[8]_17[0]        | sd_card0/reset_n                |                2 |              8 |         4.00 |
|  clk_IBUF_BUFG | ram0/char_index_reg[8]_18[0]        | sd_card0/reset_n                |                1 |              8 |         8.00 |
|  clk_IBUF_BUFG | ram0/char_index_reg[7]_rep[0]       | sd_card0/reset_n                |                1 |              8 |         8.00 |
|  clk_IBUF_BUFG | ram0/char_index_reg[8]_1[0]         | sd_card0/reset_n                |                1 |              8 |         8.00 |
|  clk_IBUF_BUFG | ram0/char_index_reg[7]_3[0]         | sd_card0/reset_n                |                4 |              8 |         2.00 |
|  clk_IBUF_BUFG | ram0/char_index_reg[7]_39[0]        | sd_card0/reset_n                |                2 |              8 |         4.00 |
|  clk_IBUF_BUFG | ram0/char_index_reg[7]_28[0]        | sd_card0/reset_n                |                4 |              8 |         2.00 |
|  clk_IBUF_BUFG | ram0/char_index_reg[7]_4[0]         | sd_card0/reset_n                |                4 |              8 |         2.00 |
|  clk_IBUF_BUFG | ram0/char_index_reg[8]_rep_6[0]     | sd_card0/reset_n                |                3 |              8 |         2.67 |
|  clk_IBUF_BUFG | ram0/char_index_reg[8]_4[0]         | sd_card0/reset_n                |                2 |              8 |         4.00 |
|  clk_IBUF_BUFG | ram0/char_index_reg[8]_rep[0]       | sd_card0/reset_n                |                2 |              8 |         4.00 |
|  clk_IBUF_BUFG | ram0/char_index_reg[8]_rep_15[0]    | sd_card0/reset_n                |                5 |              8 |         1.60 |
|  clk_IBUF_BUFG | ram0/char_index_reg[8]_rep_19[0]    | sd_card0/reset_n                |                2 |              8 |         4.00 |
|  clk_IBUF_BUFG | ram0/char_index_reg[8]_rep_21[0]    | sd_card0/reset_n                |                3 |              8 |         2.67 |
|  clk_IBUF_BUFG | ram0/flg_reg[0]_1[0]                | sd_card0/reset_n                |                3 |              8 |         2.67 |
|  clk_IBUF_BUFG | ram0/char_index_reg[8]_rep_1[0]     | sd_card0/reset_n                |                3 |              8 |         2.67 |
|  clk_IBUF_BUFG | ram0/char_index_reg[8]_6[0]         | sd_card0/reset_n                |                2 |              8 |         4.00 |
|  clk_IBUF_BUFG | ram0/found_end_reg_2[0]             | sd_card0/reset_n                |                3 |              8 |         2.67 |
|  clk_IBUF_BUFG | ram0/char_index_reg[8]_rep_24[0]    | sd_card0/reset_n                |                2 |              8 |         4.00 |
|  clk_IBUF_BUFG | ram0/char_index_reg[8]_rep_20[0]    | sd_card0/reset_n                |                1 |              8 |         8.00 |
|  clk_IBUF_BUFG | ram0/found_end_reg_0[0]             | sd_card0/reset_n                |                2 |              8 |         4.00 |
|  clk_IBUF_BUFG | ram0/found_end_reg_1[0]             | sd_card0/reset_n                |                3 |              8 |         2.67 |
|  clk_IBUF_BUFG | ram0/char_index_reg[8]_rep_13[0]    | sd_card0/reset_n                |                2 |              8 |         4.00 |
|  clk_IBUF_BUFG | ram0/char_index_reg[8]_rep_2[0]     | sd_card0/reset_n                |                2 |              8 |         4.00 |
|  clk_IBUF_BUFG | ram0/found_end_reg[0]               | sd_card0/reset_n                |                5 |              8 |         1.60 |
|  clk_IBUF_BUFG | ram0/char_index_reg[8]_rep_26[0]    | sd_card0/reset_n                |                3 |              8 |         2.67 |
|  clk_IBUF_BUFG | ram0/char_index_reg[8]_rep_3[0]     | sd_card0/reset_n                |                4 |              8 |         2.00 |
|  clk_IBUF_BUFG | ram0/char_index_reg[8]_rep_17[0]    | sd_card0/reset_n                |                1 |              8 |         8.00 |
|  clk_IBUF_BUFG | ram0/char_index_reg[8]_rep_0[0]     | sd_card0/reset_n                |                4 |              8 |         2.00 |
|  clk_IBUF_BUFG | ram0/char_index_reg[8]_8[0]         | sd_card0/reset_n                |                5 |              8 |         1.60 |
|  clk_IBUF_BUFG | ram0/char_index_reg[8]_rep_11[0]    | sd_card0/reset_n                |                2 |              8 |         4.00 |
|  clk_IBUF_BUFG | ram0/char_index_reg[8]_rep_14[0]    | sd_card0/reset_n                |                1 |              8 |         8.00 |
|  clk_IBUF_BUFG | ram0/char_index_reg[8]_5[0]         | sd_card0/reset_n                |                1 |              8 |         8.00 |
|  clk_IBUF_BUFG | ram0/char_index_reg[8]_rep_18[0]    | sd_card0/reset_n                |                2 |              8 |         4.00 |
|  clk_IBUF_BUFG | ram0/char_index_reg[8]_rep_23[0]    | sd_card0/reset_n                |                3 |              8 |         2.67 |
|  clk_IBUF_BUFG | ram0/flg_reg[0][0]                  | sd_card0/reset_n                |                2 |              8 |         4.00 |
|  clk_IBUF_BUFG | ram0/char_index_reg[8]_9[0]         | sd_card0/reset_n                |                3 |              8 |         2.67 |
|  clk_IBUF_BUFG | ram0/char_index_reg[8]_rep_22[0]    | sd_card0/reset_n                |                2 |              8 |         4.00 |
|  clk_IBUF_BUFG | ram0/char_index_reg[8]_rep_25[0]    | sd_card0/reset_n                |                2 |              8 |         4.00 |
|  clk_IBUF_BUFG | ram0/char_index_reg[8]_rep_16[0]    | sd_card0/reset_n                |                5 |              8 |         1.60 |
|  clk_IBUF_BUFG | ram0/char_index_reg[8]_rep_7[0]     | sd_card0/reset_n                |                4 |              8 |         2.00 |
|  clk_IBUF_BUFG | ram0/char_index_reg[8]_rep_9[0]     | sd_card0/reset_n                |                3 |              8 |         2.67 |
|  clk_IBUF_BUFG | ram0/char_index_reg[8]_rep_12[0]    | sd_card0/reset_n                |                3 |              8 |         2.67 |
|  clk_IBUF_BUFG | ram0/char_index_reg[8]_7[0]         | sd_card0/reset_n                |                2 |              8 |         4.00 |
|  clk_IBUF_BUFG | ram0/char_index_reg[8]_rep_5[0]     | sd_card0/reset_n                |                6 |              8 |         1.33 |
|  clk_IBUF_BUFG | ram0/char_index_reg[8]_rep_4[0]     | sd_card0/reset_n                |                2 |              8 |         4.00 |
|  clk_IBUF_BUFG | ram0/char_index_reg[8]_rep_8[0]     | sd_card0/reset_n                |                1 |              8 |         8.00 |
|  clk_IBUF_BUFG | ram0/P_reg[1]_0[0]                  | sd_card0/reset_n                |                2 |              8 |         4.00 |
|  clk_IBUF_BUFG | ram0/RAM_reg_1[0]                   | sd_card0/reset_n                |                2 |              8 |         4.00 |
|  clk_IBUF_BUFG | ram0/P_reg[1]_3[0]                  | sd_card0/reset_n                |                1 |              8 |         8.00 |
|  clk_IBUF_BUFG | ram0/RAM_reg_5[0]                   | sd_card0/reset_n                |                2 |              8 |         4.00 |
|  clk_IBUF_BUFG | ram0/RAM_reg_10[0]                  | sd_card0/reset_n                |                1 |              8 |         8.00 |
|  clk_IBUF_BUFG | ram0/RAM_reg_6[0]                   | sd_card0/reset_n                |                2 |              8 |         4.00 |
|  clk_IBUF_BUFG | ram0/P_reg[1]_4[0]                  | sd_card0/reset_n                |                3 |              8 |         2.67 |
|  clk_IBUF_BUFG | ram0/RAM_reg_7[0]                   | sd_card0/reset_n                |                2 |              8 |         4.00 |
|  clk_IBUF_BUFG | ram0/RAM_reg_8[0]                   | sd_card0/reset_n                |                3 |              8 |         2.67 |
|  clk_IBUF_BUFG | ram0/RAM_reg_9[0]                   | sd_card0/reset_n                |                2 |              8 |         4.00 |
|  clk_IBUF_BUFG | ram0/RAM_reg_0[0]                   | sd_card0/reset_n                |                2 |              8 |         4.00 |
|  clk_IBUF_BUFG | ram0/RAM_reg_3[0]                   | sd_card0/reset_n                |                2 |              8 |         4.00 |
|  clk_IBUF_BUFG | ram0/P_reg[1]_2[0]                  | sd_card0/reset_n                |                4 |              8 |         2.00 |
|  clk_IBUF_BUFG | ram0/RAM_reg_4[0]                   | sd_card0/reset_n                |                2 |              8 |         4.00 |
|  clk_IBUF_BUFG | ram0/RAM_reg_11[0]                  | sd_card0/reset_n                |                3 |              8 |         2.67 |
|  clk_IBUF_BUFG | ram0/char_index_reg[1]_3[0]         | sd_card0/reset_n                |                1 |              8 |         8.00 |
|  clk_IBUF_BUFG | ram0/char_index_reg[1]_4[0]         | sd_card0/reset_n                |                3 |              8 |         2.67 |
|  clk_IBUF_BUFG | ram0/char_index_reg[1]_16[0]        | sd_card0/reset_n                |                3 |              8 |         2.67 |
|  clk_IBUF_BUFG | ram0/char_index_reg[1]_21[0]        | sd_card0/reset_n                |                4 |              8 |         2.00 |
|  clk_IBUF_BUFG | ram0/char_index_reg[1]_1[0]         | sd_card0/reset_n                |                2 |              8 |         4.00 |
|  clk_IBUF_BUFG | ram0/char_index_reg[0]_5[0]         | sd_card0/reset_n                |                5 |              8 |         1.60 |
|  clk_IBUF_BUFG | ram0/char_index_reg[0]_12[0]        | sd_card0/reset_n                |                5 |              8 |         1.60 |
|  clk_IBUF_BUFG | ram0/char_index_reg[0]_15[0]        | sd_card0/reset_n                |                3 |              8 |         2.67 |
|  clk_IBUF_BUFG | ram0/char_index_reg[0]_rep__0[0]    | sd_card0/reset_n                |                4 |              8 |         2.00 |
|  clk_IBUF_BUFG | ram0/char_index_reg[0]_13[0]        | sd_card0/reset_n                |                3 |              8 |         2.67 |
|  clk_IBUF_BUFG | ram0/char_index_reg[0]_16[0]        | sd_card0/reset_n                |                4 |              8 |         2.00 |
|  clk_IBUF_BUFG | ram0/char_index_reg[0]_rep__0_2[0]  | sd_card0/reset_n                |                2 |              8 |         4.00 |
|  clk_IBUF_BUFG | ram0/char_index_reg[0]_7[0]         | sd_card0/reset_n                |                3 |              8 |         2.67 |
|  clk_IBUF_BUFG | ram0/char_index_reg[0]_rep[0]       | sd_card0/reset_n                |                2 |              8 |         4.00 |
|  clk_IBUF_BUFG | ram0/char_index_reg[0]_rep__0_5[0]  | sd_card0/reset_n                |                3 |              8 |         2.67 |
|  clk_IBUF_BUFG | ram0/char_index_reg[0]_rep__0_9[0]  | sd_card0/reset_n                |                3 |              8 |         2.67 |
|  clk_IBUF_BUFG | ram0/char_index_reg[0]_3[0]         | sd_card0/reset_n                |                3 |              8 |         2.67 |
|  clk_IBUF_BUFG | ram0/char_index_reg[1][0]           | sd_card0/reset_n                |                3 |              8 |         2.67 |
|  clk_IBUF_BUFG | ram0/char_index_reg[0]_4[0]         | sd_card0/reset_n                |                4 |              8 |         2.00 |
|  clk_IBUF_BUFG | ram0/char_index_reg[1]_0[0]         | sd_card0/reset_n                |                4 |              8 |         2.00 |
|  clk_IBUF_BUFG | ram0/char_index_reg[1]_10[0]        | sd_card0/reset_n                |                2 |              8 |         4.00 |
|  clk_IBUF_BUFG | ram0/char_index_reg[1]_14[0]        | sd_card0/reset_n                |                4 |              8 |         2.00 |
|  clk_IBUF_BUFG | ram0/char_index_reg[1]_19[0]        | sd_card0/reset_n                |                3 |              8 |         2.67 |
|  clk_IBUF_BUFG | ram0/char_index_reg[1]_2[0]         | sd_card0/reset_n                |                2 |              8 |         4.00 |
|  clk_IBUF_BUFG | ram0/char_index_reg[0]_rep__0_8[0]  | sd_card0/reset_n                |                2 |              8 |         4.00 |
|  clk_IBUF_BUFG | ram0/char_index_reg[0]_rep__0_0[0]  | sd_card0/reset_n                |                1 |              8 |         8.00 |
|  clk_IBUF_BUFG | ram0/char_index_reg[1]_26[0]        | sd_card0/reset_n                |                2 |              8 |         4.00 |
|  clk_IBUF_BUFG | ram0/char_index_reg[0]_10[0]        | sd_card0/reset_n                |                4 |              8 |         2.00 |
|  clk_IBUF_BUFG | ram0/char_index_reg[0]_8[0]         | sd_card0/reset_n                |                5 |              8 |         1.60 |
|  clk_IBUF_BUFG | ram0/char_index_reg[8]_rep_10[0]    | sd_card0/reset_n                |                4 |              8 |         2.00 |
|  clk_IBUF_BUFG | ram0/char_index_reg[0]_rep__0_3[0]  | sd_card0/reset_n                |                1 |              8 |         8.00 |
|  clk_IBUF_BUFG | ram0/char_index_reg[0]_9[0]         | sd_card0/reset_n                |                2 |              8 |         4.00 |
|  clk_IBUF_BUFG | ram0/char_index_reg[0]_1[0]         | sd_card0/reset_n                |                2 |              8 |         4.00 |
|  clk_IBUF_BUFG | ram0/char_index_reg[0]_20[0]        | sd_card0/reset_n                |                3 |              8 |         2.67 |
|  clk_IBUF_BUFG | ram0/char_index_reg[0]_22[0]        | sd_card0/reset_n                |                6 |              8 |         1.33 |
|  clk_IBUF_BUFG | ram0/char_index_reg[0]_17[0]        | sd_card0/reset_n                |                1 |              8 |         8.00 |
|  clk_IBUF_BUFG | ram0/char_index_reg[0]_rep_2[0]     | sd_card0/reset_n                |                1 |              8 |         8.00 |
|  clk_IBUF_BUFG | ram0/char_index_reg[0]_rep__0_6[0]  | sd_card0/reset_n                |                4 |              8 |         2.00 |
|  clk_IBUF_BUFG | ram0/char_index_reg[1]_11[0]        | sd_card0/reset_n                |                4 |              8 |         2.00 |
|  clk_IBUF_BUFG | ram0/char_index_reg[1]_12[0]        | sd_card0/reset_n                |                4 |              8 |         2.00 |
|  clk_IBUF_BUFG | ram0/char_index_reg[0]_11[0]        | sd_card0/reset_n                |                1 |              8 |         8.00 |
|  clk_IBUF_BUFG | ram0/char_index_reg[0]_rep__0_7[0]  | sd_card0/reset_n                |                2 |              8 |         4.00 |
|  clk_IBUF_BUFG | ram0/char_index_reg[0]_19[0]        | sd_card0/reset_n                |                5 |              8 |         1.60 |
|  clk_IBUF_BUFG | ram0/char_index_reg[1]_15[0]        | sd_card0/reset_n                |                2 |              8 |         4.00 |
|  clk_IBUF_BUFG | ram0/char_index_reg[1]_18[0]        | sd_card0/reset_n                |                2 |              8 |         4.00 |
|  clk_IBUF_BUFG | ram0/char_index_reg[0]_21[0]        | sd_card0/reset_n                |                2 |              8 |         4.00 |
|  clk_IBUF_BUFG | ram0/char_index_reg[0]_6[0]         | sd_card0/reset_n                |                2 |              8 |         4.00 |
|  clk_IBUF_BUFG | ram0/char_index_reg[1]_20[0]        | sd_card0/reset_n                |                1 |              8 |         8.00 |
|  clk_IBUF_BUFG | ram0/char_index_reg[0]_rep__0_1[0]  | sd_card0/reset_n                |                4 |              8 |         2.00 |
|  clk_IBUF_BUFG | ram0/char_index_reg[1]_17[0]        | sd_card0/reset_n                |                2 |              8 |         4.00 |
|  clk_IBUF_BUFG | ram0/char_index_reg[0]_18[0]        | sd_card0/reset_n                |                3 |              8 |         2.67 |
|  clk_IBUF_BUFG | ram0/char_index_reg[1]_22[0]        | sd_card0/reset_n                |                1 |              8 |         8.00 |
|  clk_IBUF_BUFG | ram0/char_index_reg[0]_rep_1[0]     | sd_card0/reset_n                |                2 |              8 |         4.00 |
|  clk_IBUF_BUFG | ram0/char_index_reg[1]_13[0]        | sd_card0/reset_n                |                1 |              8 |         8.00 |
|  clk_IBUF_BUFG | ram0/char_index_reg[1]_23[0]        | sd_card0/reset_n                |                5 |              8 |         1.60 |
|  clk_IBUF_BUFG | ram0/char_index_reg[0]_2[0]         | sd_card0/reset_n                |                2 |              8 |         4.00 |
|  clk_IBUF_BUFG | ram0/char_index_reg[1]_24[0]        | sd_card0/reset_n                |                4 |              8 |         2.00 |
|  clk_IBUF_BUFG | ram0/char_index_reg[1]_25[0]        | sd_card0/reset_n                |                4 |              8 |         2.00 |
|  clk_IBUF_BUFG | ram0/char_index_reg[0]_14[0]        | sd_card0/reset_n                |                5 |              8 |         1.60 |
|  clk_IBUF_BUFG | ram0/char_index_reg[0]_0[0]         | sd_card0/reset_n                |                4 |              8 |         2.00 |
|  clk_IBUF_BUFG | ram0/char_index_reg[0]_rep__0_4[0]  | sd_card0/reset_n                |                4 |              8 |         2.00 |
|  clk_IBUF_BUFG | ram0/char_index_reg[1]_27[0]        | sd_card0/reset_n                |                3 |              8 |         2.67 |
|  clk_IBUF_BUFG | ram0/char_index_reg[1]_rep_4[0]     | sd_card0/reset_n                |                1 |              8 |         8.00 |
|  clk_IBUF_BUFG | ram0/char_index_reg[1]_7[0]         | sd_card0/reset_n                |                4 |              8 |         2.00 |
|  clk_IBUF_BUFG | ram0/char_index_reg[1]_8[0]         | sd_card0/reset_n                |                2 |              8 |         4.00 |
|  clk_IBUF_BUFG | ram0/char_index_reg[1]_rep_12[0]    | sd_card0/reset_n                |                2 |              8 |         4.00 |
|  clk_IBUF_BUFG | ram0/char_index_reg[1]_5[0]         | sd_card0/reset_n                |                2 |              8 |         4.00 |
|  clk_IBUF_BUFG | ram0/char_index_reg[1]_6[0]         | sd_card0/reset_n                |                1 |              8 |         8.00 |
|  clk_IBUF_BUFG | ram0/char_index_reg[1]_rep_5[0]     | sd_card0/reset_n                |                2 |              8 |         4.00 |
|  clk_IBUF_BUFG | ram0/char_index_reg[1]_rep_3[0]     | sd_card0/reset_n                |                1 |              8 |         8.00 |
|  clk_IBUF_BUFG | ram0/char_index_reg[1]_rep_7[0]     | sd_card0/reset_n                |                1 |              8 |         8.00 |
|  clk_IBUF_BUFG | ram0/char_index_reg[1]_9[0]         | sd_card0/reset_n                |                1 |              8 |         8.00 |
|  clk_IBUF_BUFG | ram0/char_index_reg[1]_rep_13[0]    | sd_card0/reset_n                |                3 |              8 |         2.67 |
|  clk_IBUF_BUFG | ram0/char_index_reg[1]_rep[0]       | sd_card0/reset_n                |                2 |              8 |         4.00 |
|  clk_IBUF_BUFG | ram0/char_index_reg[1]_rep_9[0]     | sd_card0/reset_n                |                7 |              8 |         1.14 |
|  clk_IBUF_BUFG | ram0/char_index_reg[1]_rep__0[0]    | sd_card0/reset_n                |                2 |              8 |         4.00 |
|  clk_IBUF_BUFG | ram0/char_index_reg[1]_rep_6[0]     | sd_card0/reset_n                |                1 |              8 |         8.00 |
|  clk_IBUF_BUFG | ram0/char_index_reg[1]_rep_8[0]     | sd_card0/reset_n                |                2 |              8 |         4.00 |
|  clk_IBUF_BUFG | ram0/char_index_reg[1]_rep_11[0]    | sd_card0/reset_n                |                2 |              8 |         4.00 |
|  clk_IBUF_BUFG | ram0/char_index_reg[1]_rep_0[0]     | sd_card0/reset_n                |                3 |              8 |         2.67 |
|  clk_IBUF_BUFG | ram0/char_index_reg[1]_rep_1[0]     | sd_card0/reset_n                |                4 |              8 |         2.00 |
|  clk_IBUF_BUFG | ram0/char_index_reg[1]_rep_10[0]    | sd_card0/reset_n                |                3 |              8 |         2.67 |
|  clk_IBUF_BUFG | ram0/char_index_reg[1]_rep_2[0]     | sd_card0/reset_n                |                5 |              8 |         1.60 |
|  clk_IBUF_BUFG | ram0/char_index_reg[0][0]           | sd_card0/reset_n                |                2 |              8 |         4.00 |
|  clk_IBUF_BUFG |                                     | sram_addr                       |                4 |              9 |         2.25 |
|  clk_sel_BUFG  | sd_card0/byte_counter[8]_i_1_n_0    | sd_card0/reset_n                |                3 |              9 |         3.00 |
|  clk_IBUF_BUFG | sd_card0/E[0]                       | sd_counter[9]_i_1_n_0           |                3 |             10 |         3.33 |
|  clk_IBUF_BUFG | process_counter                     | process_counter[9]_i_1_n_0      |                4 |             10 |         2.50 |
|  clk_IBUF_BUFG | row_A                               | row_B[127]_i_1_n_0              |                3 |             11 |         3.67 |
|  clk_IBUF_BUFG | row_A                               | sd_card0/reset_n                |                8 |             13 |         1.62 |
|  clk_IBUF_BUFG | ram0/RAM_reg_2                      | sd_card0/reset_n                |               11 |             20 |         1.82 |
|  clk_IBUF_BUFG |                                     | btn_db0/clear                   |                6 |             22 |         3.67 |
|  clk_IBUF_BUFG | lcd0/lcd_initialized_reg_n_0        | lcd0/text_count[0]_i_1_n_0      |                7 |             25 |         3.57 |
|  clk_IBUF_BUFG | lcd0/init_e_i_2_n_0                 | sd_card0/reset_n                |                8 |             32 |         4.00 |
|  clk_IBUF_BUFG | blk_addr0                           | sd_card0/reset_n                |                8 |             32 |         4.00 |
|  clk_sel_BUFG  | sd_card0/block_addr_reg[31]_i_1_n_0 | sd_card0/reset_n                |                9 |             32 |         3.56 |
|  clk_sel_BUFG  | sd_card0/R7_response                | sd_card0/reset_n                |               10 |             40 |         4.00 |
|  clk_IBUF_BUFG |                                     | sd_card0/reset_n                |               22 |             44 |         2.00 |
|  clk_sel_BUFG  | sd_card0/cmd_out[55]_i_1_n_0        | sd_card0/reset_n                |               12 |             55 |         4.58 |
|  clk_IBUF_BUFG | row_A                               |                                 |               29 |             64 |         2.21 |
|  clk_IBUF_BUFG | shift_reg                           | sd_card0/reset_n                |               17 |             66 |         3.88 |
+----------------+-------------------------------------+---------------------------------+------------------+----------------+--------------+


