#-----------------------------------------------------------
# Vivado v2024.1 (64-bit)
# SW Build 5076996 on Wed May 22 18:37:14 MDT 2024
# IP Build 5075265 on Wed May 22 21:45:21 MDT 2024
# SharedData Build 5076995 on Wed May 22 18:29:18 MDT 2024
# Start of session at: Thu Oct 17 19:38:05 2024
# Process ID: 22628
# Current directory: F:/Desktop/dlab_course/DCL_LAB/lab_7/lab_7.runs/impl_1
# Command line: vivado.exe -log lab6.vdi -applog -product Vivado -messageDb vivado.pb -mode batch -source lab6.tcl -notrace
# Log file: F:/Desktop/dlab_course/DCL_LAB/lab_7/lab_7.runs/impl_1/lab6.vdi
# Journal file: F:/Desktop/dlab_course/DCL_LAB/lab_7/lab_7.runs/impl_1\vivado.jou
# Running On        :DESKTOP-QI5ML8H
# Platform          :Windows Server 2016 or Windows 10
# Operating System  :19043
# Processor Detail  :12th Gen Intel(R) Core(TM) i5-12400
# CPU Frequency     :2496 MHz
# CPU Physical cores:6
# CPU Logical cores :12
# Host memory       :34118 MB
# Swap memory       :26843 MB
# Total Virtual     :60961 MB
# Available Virtual :18527 MB
#-----------------------------------------------------------
source lab6.tcl -notrace
